  Game.cpp
  Goal.cpp
  InfoScreen.cpp
D:\VS Proyects\MAVI2\Unidad4\Cañon\Project1\InfoScreen.cpp(33,67): warning C4244: 'argumento': conversión de 'T' a 'T'; posible pérdida de datos
D:\VS Proyects\MAVI2\Unidad4\Cañon\Project1\InfoScreen.cpp(33,67): warning C4244:         with
D:\VS Proyects\MAVI2\Unidad4\Cañon\Project1\InfoScreen.cpp(33,67): warning C4244:         [
D:\VS Proyects\MAVI2\Unidad4\Cañon\Project1\InfoScreen.cpp(33,67): warning C4244:             T=int
D:\VS Proyects\MAVI2\Unidad4\Cañon\Project1\InfoScreen.cpp(33,67): warning C4244:         ]
D:\VS Proyects\MAVI2\Unidad4\Cañon\Project1\InfoScreen.cpp(33,67): warning C4244:         and
D:\VS Proyects\MAVI2\Unidad4\Cañon\Project1\InfoScreen.cpp(33,67): warning C4244:         [
D:\VS Proyects\MAVI2\Unidad4\Cañon\Project1\InfoScreen.cpp(33,67): warning C4244:             T=float
D:\VS Proyects\MAVI2\Unidad4\Cañon\Project1\InfoScreen.cpp(33,67): warning C4244:         ]
D:\VS Proyects\MAVI2\Unidad4\Cañon\Project1\InfoScreen.cpp(33,55): warning C4244: 'argumento': conversión de 'T' a 'T'; posible pérdida de datos
D:\VS Proyects\MAVI2\Unidad4\Cañon\Project1\InfoScreen.cpp(33,55): warning C4244:         with
D:\VS Proyects\MAVI2\Unidad4\Cañon\Project1\InfoScreen.cpp(33,55): warning C4244:         [
D:\VS Proyects\MAVI2\Unidad4\Cañon\Project1\InfoScreen.cpp(33,55): warning C4244:             T=int
D:\VS Proyects\MAVI2\Unidad4\Cañon\Project1\InfoScreen.cpp(33,55): warning C4244:         ]
D:\VS Proyects\MAVI2\Unidad4\Cañon\Project1\InfoScreen.cpp(33,55): warning C4244:         and
D:\VS Proyects\MAVI2\Unidad4\Cañon\Project1\InfoScreen.cpp(33,55): warning C4244:         [
D:\VS Proyects\MAVI2\Unidad4\Cañon\Project1\InfoScreen.cpp(33,55): warning C4244:             T=float
D:\VS Proyects\MAVI2\Unidad4\Cañon\Project1\InfoScreen.cpp(33,55): warning C4244:         ]
  Level.cpp
  LevelManager.cpp
  Menu.cpp
D:\VS Proyects\MAVI2\Unidad4\Cañon\Project1\Menu.cpp(45,64): warning C4244: 'argumento': conversión de 'T' a 'T'; posible pérdida de datos
D:\VS Proyects\MAVI2\Unidad4\Cañon\Project1\Menu.cpp(45,64): warning C4244:         with
D:\VS Proyects\MAVI2\Unidad4\Cañon\Project1\Menu.cpp(45,64): warning C4244:         [
D:\VS Proyects\MAVI2\Unidad4\Cañon\Project1\Menu.cpp(45,64): warning C4244:             T=int
D:\VS Proyects\MAVI2\Unidad4\Cañon\Project1\Menu.cpp(45,64): warning C4244:         ]
D:\VS Proyects\MAVI2\Unidad4\Cañon\Project1\Menu.cpp(45,64): warning C4244:         and
D:\VS Proyects\MAVI2\Unidad4\Cañon\Project1\Menu.cpp(45,64): warning C4244:         [
D:\VS Proyects\MAVI2\Unidad4\Cañon\Project1\Menu.cpp(45,64): warning C4244:             T=float
D:\VS Proyects\MAVI2\Unidad4\Cañon\Project1\Menu.cpp(45,64): warning C4244:         ]
D:\VS Proyects\MAVI2\Unidad4\Cañon\Project1\Menu.cpp(45,52): warning C4244: 'argumento': conversión de 'T' a 'T'; posible pérdida de datos
D:\VS Proyects\MAVI2\Unidad4\Cañon\Project1\Menu.cpp(45,52): warning C4244:         with
D:\VS Proyects\MAVI2\Unidad4\Cañon\Project1\Menu.cpp(45,52): warning C4244:         [
D:\VS Proyects\MAVI2\Unidad4\Cañon\Project1\Menu.cpp(45,52): warning C4244:             T=int
D:\VS Proyects\MAVI2\Unidad4\Cañon\Project1\Menu.cpp(45,52): warning C4244:         ]
D:\VS Proyects\MAVI2\Unidad4\Cañon\Project1\Menu.cpp(45,52): warning C4244:         and
D:\VS Proyects\MAVI2\Unidad4\Cañon\Project1\Menu.cpp(45,52): warning C4244:         [
D:\VS Proyects\MAVI2\Unidad4\Cañon\Project1\Menu.cpp(45,52): warning C4244:             T=float
D:\VS Proyects\MAVI2\Unidad4\Cañon\Project1\Menu.cpp(45,52): warning C4244:         ]
D:\VS Proyects\MAVI2\Unidad4\Cañon\Project1\Menu.cpp(48,64): warning C4244: 'argumento': conversión de 'T' a 'T'; posible pérdida de datos
D:\VS Proyects\MAVI2\Unidad4\Cañon\Project1\Menu.cpp(48,64): warning C4244:         with
D:\VS Proyects\MAVI2\Unidad4\Cañon\Project1\Menu.cpp(48,64): warning C4244:         [
D:\VS Proyects\MAVI2\Unidad4\Cañon\Project1\Menu.cpp(48,64): warning C4244:             T=int
D:\VS Proyects\MAVI2\Unidad4\Cañon\Project1\Menu.cpp(48,64): warning C4244:         ]
D:\VS Proyects\MAVI2\Unidad4\Cañon\Project1\Menu.cpp(48,64): warning C4244:         and
D:\VS Proyects\MAVI2\Unidad4\Cañon\Project1\Menu.cpp(48,64): warning C4244:         [
D:\VS Proyects\MAVI2\Unidad4\Cañon\Project1\Menu.cpp(48,64): warning C4244:             T=float
D:\VS Proyects\MAVI2\Unidad4\Cañon\Project1\Menu.cpp(48,64): warning C4244:         ]
D:\VS Proyects\MAVI2\Unidad4\Cañon\Project1\Menu.cpp(48,52): warning C4244: 'argumento': conversión de 'T' a 'T'; posible pérdida de datos
D:\VS Proyects\MAVI2\Unidad4\Cañon\Project1\Menu.cpp(48,52): warning C4244:         with
D:\VS Proyects\MAVI2\Unidad4\Cañon\Project1\Menu.cpp(48,52): warning C4244:         [
D:\VS Proyects\MAVI2\Unidad4\Cañon\Project1\Menu.cpp(48,52): warning C4244:             T=int
D:\VS Proyects\MAVI2\Unidad4\Cañon\Project1\Menu.cpp(48,52): warning C4244:         ]
D:\VS Proyects\MAVI2\Unidad4\Cañon\Project1\Menu.cpp(48,52): warning C4244:         and
D:\VS Proyects\MAVI2\Unidad4\Cañon\Project1\Menu.cpp(48,52): warning C4244:         [
D:\VS Proyects\MAVI2\Unidad4\Cañon\Project1\Menu.cpp(48,52): warning C4244:             T=float
D:\VS Proyects\MAVI2\Unidad4\Cañon\Project1\Menu.cpp(48,52): warning C4244:         ]
  Objeto.cpp
  Ragdoll.cpp
  Generando código...
  Project1.vcxproj -> D:\VS Proyects\MAVI2\Unidad4\Bin\Debug\Project1.exe
